{
    "from": "2022-01-25T00:00:00.000Z",
    "to": "2022-01-26T00:00:00.000Z",
    "paymentStatuses": [
        "EXPIRED",
        "CANCELLED"
    ],
    "reference": "ref"
}
