{
    "headers": {
        "Authorization": "Bearer some-api-key"
    }
}
