{
    "headers": {
        "Authorization": "Bearer some-api-key"
    },
    "json": {
        "from": "2022-01-25T00:00:00.000Z"
    }
}
