{
  "profileId": "profile-id",
  "merchantId": "merchant-id",
  "name": "name",
  "iban": "iban",
  "callbackUrl": null
}
