{
  "size": 1,
  "totalPages": 2,
  "totalElements": 3,
  "number": 4,
  "details": [
    {
      "paymentId": "new-payment-id",
      "createdAt": "2022-01-26T00:00:00+00:00",
      "status": "PENDING",
      "amount": 20,
      "currency": "USD",
      "creditor": {
        "profileId": "profile-id2",
        "merchantId": "merchant-id",
        "name": "name",
        "iban": "iban",
        "callbackUrl": null
      },
      "debtor": {
        "name": "name",
        "iban": "iban"
      },
      "expiresAt": "2022-01-26T00:00:00+00:00",
      "description": "desc",
      "bulkId": "bulk-id",
      "qrLink": null,
      "deepLink": null,
      "reference": null,
      "refundLink": null,
      "selfLink": null,
      "checkoutLink": null
    }
  ]
}
